../Core/Src/main.c:81:9:crc8	24	static
../Core/Src/main.c:101:13:CAN_ConfigFilters_NodeC	48	static
../Core/Src/main.c:138:13:C_Send_ACK	32	static
../Core/Src/main.c:173:6:HAL_CAN_RxFifo0MsgPendingCallback	32	static
../Core/Src/main.c:217:6:HAL_CAN_RxFifo1MsgPendingCallback	16	static
../Core/Src/main.c:232:5:main	16	static
../Core/Src/main.c:302:6:SystemClock_Config	88	static
../Core/Src/main.c:343:13:MX_CAN1_Init	8	static
../Core/Src/main.c:372:13:MX_USART2_UART_Init	8	static
../Core/Src/main.c:393:13:MX_GPIO_Init	48	static
../Core/Src/main.c:416:6:Error_Handler	4	static,ignoring_inline_asm
